........................................                                 [100%]
============================== warnings summary ===============================
legacy_root/scripts/test/test_consolidated_models_simple.py::test_inventario_model
  D:\martin\Rexus.app\.venv\lib\site-packages\_pytest\python.py:161: PytestReturnNotNoneWarning: Test functions should return None, but legacy_root/scripts/test/test_consolidated_models_simple.py::test_inventario_model returned <class 'bool'>.
  Did you mean to use `assert` instead of `return`?
  See https://docs.pytest.org/en/stable/how-to/assert.html#return-not-none for more information.
    warnings.warn(

legacy_root/scripts/test/test_consolidated_models_simple.py::test_herrajes_model
  D:\martin\Rexus.app\.venv\lib\site-packages\_pytest\python.py:161: PytestReturnNotNoneWarning: Test functions should return None, but legacy_root/scripts/test/test_consolidated_models_simple.py::test_herrajes_model returned <class 'bool'>.
  Did you mean to use `assert` instead of `return`?
  See https://docs.pytest.org/en/stable/how-to/assert.html#return-not-none for more information.
    warnings.warn(

legacy_root/scripts/test/test_consolidated_models_simple.py::test_vidrios_model
  D:\martin\Rexus.app\.venv\lib\site-packages\_pytest\python.py:161: PytestReturnNotNoneWarning: Test functions should return None, but legacy_root/scripts/test/test_consolidated_models_simple.py::test_vidrios_model returned <class 'bool'>.
  Did you mean to use `assert` instead of `return`?
  See https://docs.pytest.org/en/stable/how-to/assert.html#return-not-none for more information.
    warnings.warn(

legacy_root/scripts/test/test_consolidated_models_simple.py::test_pedidos_model
  D:\martin\Rexus.app\.venv\lib\site-packages\_pytest\python.py:161: PytestReturnNotNoneWarning: Test functions should return None, but legacy_root/scripts/test/test_consolidated_models_simple.py::test_pedidos_model returned <class 'bool'>.
  Did you mean to use `assert` instead of `return`?
  See https://docs.pytest.org/en/stable/how-to/assert.html#return-not-none for more information.
    warnings.warn(

legacy_root/scripts/test/test_consolidated_models_simple.py::test_obras_model
  D:\martin\Rexus.app\.venv\lib\site-packages\_pytest\python.py:161: PytestReturnNotNoneWarning: Test functions should return None, but legacy_root/scripts/test/test_consolidated_models_simple.py::test_obras_model returned <class 'bool'>.
  Did you mean to use `assert` instead of `return`?
  See https://docs.pytest.org/en/stable/how-to/assert.html#return-not-none for more information.
    warnings.warn(

legacy_root/scripts/test/test_consolidated_models_simple.py::test_security_features
  D:\martin\Rexus.app\.venv\lib\site-packages\_pytest\python.py:161: PytestReturnNotNoneWarning: Test functions should return None, but legacy_root/scripts/test/test_consolidated_models_simple.py::test_security_features returned <class 'bool'>.
  Did you mean to use `assert` instead of `return`?
  See https://docs.pytest.org/en/stable/how-to/assert.html#return-not-none for more information.
    warnings.warn(

legacy_root/scripts/test/test_database_integration.py::test_database_connection
  D:\martin\Rexus.app\.venv\lib\site-packages\_pytest\python.py:161: PytestReturnNotNoneWarning: Test functions should return None, but legacy_root/scripts/test/test_database_integration.py::test_database_connection returned <class 'bool'>.
  Did you mean to use `assert` instead of `return`?
  See https://docs.pytest.org/en/stable/how-to/assert.html#return-not-none for more information.
    warnings.warn(

legacy_root/scripts/test/test_database_integration.py::test_inventario_with_database
  D:\martin\Rexus.app\.venv\lib\site-packages\_pytest\python.py:161: PytestReturnNotNoneWarning: Test functions should return None, but legacy_root/scripts/test/test_database_integration.py::test_inventario_with_database returned <class 'bool'>.
  Did you mean to use `assert` instead of `return`?
  See https://docs.pytest.org/en/stable/how-to/assert.html#return-not-none for more information.
    warnings.warn(

legacy_root/scripts/test/test_database_integration.py::test_herrajes_with_database
  D:\martin\Rexus.app\.venv\lib\site-packages\_pytest\python.py:161: PytestReturnNotNoneWarning: Test functions should return None, but legacy_root/scripts/test/test_database_integration.py::test_herrajes_with_database returned <class 'bool'>.
  Did you mean to use `assert` instead of `return`?
  See https://docs.pytest.org/en/stable/how-to/assert.html#return-not-none for more information.
    warnings.warn(

legacy_root/scripts/test/test_database_integration.py::test_vidrios_with_database
  D:\martin\Rexus.app\.venv\lib\site-packages\_pytest\python.py:161: PytestReturnNotNoneWarning: Test functions should return None, but legacy_root/scripts/test/test_database_integration.py::test_vidrios_with_database returned <class 'bool'>.
  Did you mean to use `assert` instead of `return`?
  See https://docs.pytest.org/en/stable/how-to/assert.html#return-not-none for more information.
    warnings.warn(

legacy_root/scripts/test/test_database_integration.py::test_pedidos_with_database
  D:\martin\Rexus.app\.venv\lib\site-packages\_pytest\python.py:161: PytestReturnNotNoneWarning: Test functions should return None, but legacy_root/scripts/test/test_database_integration.py::test_pedidos_with_database returned <class 'bool'>.
  Did you mean to use `assert` instead of `return`?
  See https://docs.pytest.org/en/stable/how-to/assert.html#return-not-none for more information.
    warnings.warn(

legacy_root/scripts/test/test_database_integration.py::test_obras_with_database
  D:\martin\Rexus.app\.venv\lib\site-packages\_pytest\python.py:161: PytestReturnNotNoneWarning: Test functions should return None, but legacy_root/scripts/test/test_database_integration.py::test_obras_with_database returned <class 'bool'>.
  Did you mean to use `assert` instead of `return`?
  See https://docs.pytest.org/en/stable/how-to/assert.html#return-not-none for more information.
    warnings.warn(

legacy_root/scripts/test/test_database_integration.py::test_cross_model_integration
  D:\martin\Rexus.app\.venv\lib\site-packages\_pytest\python.py:161: PytestReturnNotNoneWarning: Test functions should return None, but legacy_root/scripts/test/test_database_integration.py::test_cross_model_integration returned <class 'bool'>.
  Did you mean to use `assert` instead of `return`?
  See https://docs.pytest.org/en/stable/how-to/assert.html#return-not-none for more information.
    warnings.warn(

legacy_root/scripts/test/test_herrajes_integration_simple.py::test_integration_imports
  D:\martin\Rexus.app\.venv\lib\site-packages\_pytest\python.py:161: PytestReturnNotNoneWarning: Test functions should return None, but legacy_root/scripts/test/test_herrajes_integration_simple.py::test_integration_imports returned <class 'bool'>.
  Did you mean to use `assert` instead of `return`?
  See https://docs.pytest.org/en/stable/how-to/assert.html#return-not-none for more information.
    warnings.warn(

legacy_root/scripts/test/test_herrajes_integration_simple.py::test_controller_integration
  D:\martin\Rexus.app\.venv\lib\site-packages\_pytest\python.py:161: PytestReturnNotNoneWarning: Test functions should return None, but legacy_root/scripts/test/test_herrajes_integration_simple.py::test_controller_integration returned <class 'bool'>.
  Did you mean to use `assert` instead of `return`?
  See https://docs.pytest.org/en/stable/how-to/assert.html#return-not-none for more information.
    warnings.warn(

legacy_root/scripts/test/test_herrajes_integration_simple.py::test_view_methods
  D:\martin\Rexus.app\.venv\lib\site-packages\_pytest\python.py:161: PytestReturnNotNoneWarning: Test functions should return None, but legacy_root/scripts/test/test_herrajes_integration_simple.py::test_view_methods returned <class 'bool'>.
  Did you mean to use `assert` instead of `return`?
  See https://docs.pytest.org/en/stable/how-to/assert.html#return-not-none for more information.
    warnings.warn(

legacy_root/scripts/test/test_herrajes_inventario_integration.py::test_integration_functionality
  D:\martin\Rexus.app\.venv\lib\site-packages\_pytest\python.py:161: PytestReturnNotNoneWarning: Test functions should return None, but legacy_root/scripts/test/test_herrajes_inventario_integration.py::test_integration_functionality returned <class 'bool'>.
  Did you mean to use `assert` instead of `return`?
  See https://docs.pytest.org/en/stable/how-to/assert.html#return-not-none for more information.
    warnings.warn(

legacy_root/scripts/test/test_herrajes_inventario_integration.py::test_syntax_validation
  D:\martin\Rexus.app\.venv\lib\site-packages\_pytest\python.py:161: PytestReturnNotNoneWarning: Test functions should return None, but legacy_root/scripts/test/test_herrajes_inventario_integration.py::test_syntax_validation returned <class 'bool'>.
  Did you mean to use `assert` instead of `return`?
  See https://docs.pytest.org/en/stable/how-to/assert.html#return-not-none for more information.
    warnings.warn(

legacy_root/scripts/test/test_integration_consolidated.py::test_inventory_integration
  D:\martin\Rexus.app\.venv\lib\site-packages\_pytest\python.py:161: PytestReturnNotNoneWarning: Test functions should return None, but legacy_root/scripts/test/test_integration_consolidated.py::test_inventory_integration returned <class 'bool'>.
  Did you mean to use `assert` instead of `return`?
  See https://docs.pytest.org/en/stable/how-to/assert.html#return-not-none for more information.
    warnings.warn(

legacy_root/scripts/test/test_integration_consolidated.py::test_order_inventory_integration
  D:\martin\Rexus.app\.venv\lib\site-packages\_pytest\python.py:161: PytestReturnNotNoneWarning: Test functions should return None, but legacy_root/scripts/test/test_integration_consolidated.py::test_order_inventory_integration returned <class 'bool'>.
  Did you mean to use `assert` instead of `return`?
  See https://docs.pytest.org/en/stable/how-to/assert.html#return-not-none for more information.
    warnings.warn(

legacy_root/scripts/test/test_integration_consolidated.py::test_obra_product_integration
  D:\martin\Rexus.app\.venv\lib\site-packages\_pytest\python.py:161: PytestReturnNotNoneWarning: Test functions should return None, but legacy_root/scripts/test/test_integration_consolidated.py::test_obra_product_integration returned <class 'bool'>.
  Did you mean to use `assert` instead of `return`?
  See https://docs.pytest.org/en/stable/how-to/assert.html#return-not-none for more information.
    warnings.warn(

legacy_root/scripts/test/test_integration_consolidated.py::test_business_workflow_integration
  D:\martin\Rexus.app\.venv\lib\site-packages\_pytest\python.py:161: PytestReturnNotNoneWarning: Test functions should return None, but legacy_root/scripts/test/test_integration_consolidated.py::test_business_workflow_integration returned <class 'bool'>.
  Did you mean to use `assert` instead of `return`?
  See https://docs.pytest.org/en/stable/how-to/assert.html#return-not-none for more information.
    warnings.warn(

legacy_root/scripts/test/test_integration_consolidated.py::test_data_consistency
  D:\martin\Rexus.app\.venv\lib\site-packages\_pytest\python.py:161: PytestReturnNotNoneWarning: Test functions should return None, but legacy_root/scripts/test/test_integration_consolidated.py::test_data_consistency returned <class 'bool'>.
  Did you mean to use `assert` instead of `return`?
  See https://docs.pytest.org/en/stable/how-to/assert.html#return-not-none for more information.
    warnings.warn(

legacy_root/scripts/test/test_integration_consolidated.py::test_legacy_fallback_compatibility
  D:\martin\Rexus.app\.venv\lib\site-packages\_pytest\python.py:161: PytestReturnNotNoneWarning: Test functions should return None, but legacy_root/scripts/test/test_integration_consolidated.py::test_legacy_fallback_compatibility returned <class 'bool'>.
  Did you mean to use `assert` instead of `return`?
  See https://docs.pytest.org/en/stable/how-to/assert.html#return-not-none for more information.
    warnings.warn(

legacy_root/scripts/test/test_logistica_dialog.py::test_dialog_import
  D:\martin\Rexus.app\.venv\lib\site-packages\_pytest\python.py:161: PytestReturnNotNoneWarning: Test functions should return None, but legacy_root/scripts/test/test_logistica_dialog.py::test_dialog_import returned <class 'bool'>.
  Did you mean to use `assert` instead of `return`?
  See https://docs.pytest.org/en/stable/how-to/assert.html#return-not-none for more information.
    warnings.warn(

legacy_root/scripts/test/test_logistica_dialog.py::test_controller_method
  D:\martin\Rexus.app\.venv\lib\site-packages\_pytest\python.py:161: PytestReturnNotNoneWarning: Test functions should return None, but legacy_root/scripts/test/test_logistica_dialog.py::test_controller_method returned <class 'bool'>.
  Did you mean to use `assert` instead of `return`?
  See https://docs.pytest.org/en/stable/how-to/assert.html#return-not-none for more information.
    warnings.warn(

legacy_root/scripts/test/test_logistica_dialog.py::test_view_button_method
  D:\martin\Rexus.app\.venv\lib\site-packages\_pytest\python.py:161: PytestReturnNotNoneWarning: Test functions should return None, but legacy_root/scripts/test/test_logistica_dialog.py::test_view_button_method returned <class 'bool'>.
  Did you mean to use `assert` instead of `return`?
  See https://docs.pytest.org/en/stable/how-to/assert.html#return-not-none for more information.
    warnings.warn(

legacy_root/scripts/test/test_logistica_dialog.py::test_service_generation_simulation
  D:\martin\Rexus.app\.venv\lib\site-packages\_pytest\python.py:161: PytestReturnNotNoneWarning: Test functions should return None, but legacy_root/scripts/test/test_logistica_dialog.py::test_service_generation_simulation returned <class 'bool'>.
  Did you mean to use `assert` instead of `return`?
  See https://docs.pytest.org/en/stable/how-to/assert.html#return-not-none for more information.
    warnings.warn(

legacy_root/scripts/test/test_logistica_dialog.py::test_dialog_configuration
  D:\martin\Rexus.app\.venv\lib\site-packages\_pytest\python.py:161: PytestReturnNotNoneWarning: Test functions should return None, but legacy_root/scripts/test/test_logistica_dialog.py::test_dialog_configuration returned <class 'bool'>.
  Did you mean to use `assert` instead of `return`?
  See https://docs.pytest.org/en/stable/how-to/assert.html#return-not-none for more information.
    warnings.warn(

legacy_root/scripts/test/test_module_validations.py::test_inventario_validator
  D:\martin\Rexus.app\.venv\lib\site-packages\_pytest\python.py:161: PytestReturnNotNoneWarning: Test functions should return None, but legacy_root/scripts/test/test_module_validations.py::test_inventario_validator returned <class 'bool'>.
  Did you mean to use `assert` instead of `return`?
  See https://docs.pytest.org/en/stable/how-to/assert.html#return-not-none for more information.
    warnings.warn(

legacy_root/scripts/test/test_module_validations.py::test_herrajes_validator
  D:\martin\Rexus.app\.venv\lib\site-packages\_pytest\python.py:161: PytestReturnNotNoneWarning: Test functions should return None, but legacy_root/scripts/test/test_module_validations.py::test_herrajes_validator returned <class 'bool'>.
  Did you mean to use `assert` instead of `return`?
  See https://docs.pytest.org/en/stable/how-to/assert.html#return-not-none for more information.
    warnings.warn(

legacy_root/scripts/test/test_module_validations.py::test_vidrios_validator
  D:\martin\Rexus.app\.venv\lib\site-packages\_pytest\python.py:161: PytestReturnNotNoneWarning: Test functions should return None, but legacy_root/scripts/test/test_module_validations.py::test_vidrios_validator returned <class 'bool'>.
  Did you mean to use `assert` instead of `return`?
  See https://docs.pytest.org/en/stable/how-to/assert.html#return-not-none for more information.
    warnings.warn(

legacy_root/scripts/test/test_module_validations.py::test_pedidos_validator
  D:\martin\Rexus.app\.venv\lib\site-packages\_pytest\python.py:161: PytestReturnNotNoneWarning: Test functions should return None, but legacy_root/scripts/test/test_module_validations.py::test_pedidos_validator returned <class 'bool'>.
  Did you mean to use `assert` instead of `return`?
  See https://docs.pytest.org/en/stable/how-to/assert.html#return-not-none for more information.
    warnings.warn(

legacy_root/scripts/test/test_module_validations.py::test_obras_validator
  D:\martin\Rexus.app\.venv\lib\site-packages\_pytest\python.py:161: PytestReturnNotNoneWarning: Test functions should return None, but legacy_root/scripts/test/test_module_validations.py::test_obras_validator returned <class 'bool'>.
  Did you mean to use `assert` instead of `return`?
  See https://docs.pytest.org/en/stable/how-to/assert.html#return-not-none for more information.
    warnings.warn(

legacy_root/scripts/test/test_module_validations.py::test_module_validator_function
  D:\martin\Rexus.app\.venv\lib\site-packages\_pytest\python.py:161: PytestReturnNotNoneWarning: Test functions should return None, but legacy_root/scripts/test/test_module_validations.py::test_module_validator_function returned <class 'bool'>.
  Did you mean to use `assert` instead of `return`?
  See https://docs.pytest.org/en/stable/how-to/assert.html#return-not-none for more information.
    warnings.warn(

legacy_root/scripts/test/test_module_validations.py::test_edge_cases
  D:\martin\Rexus.app\.venv\lib\site-packages\_pytest\python.py:161: PytestReturnNotNoneWarning: Test functions should return None, but legacy_root/scripts/test/test_module_validations.py::test_edge_cases returned <class 'bool'>.
  Did you mean to use `assert` instead of `return`?
  See https://docs.pytest.org/en/stable/how-to/assert.html#return-not-none for more information.
    warnings.warn(

legacy_root/scripts/test/test_security_validations.py::test_form_validator
  D:\martin\Rexus.app\.venv\lib\site-packages\_pytest\python.py:161: PytestReturnNotNoneWarning: Test functions should return None, but legacy_root/scripts/test/test_security_validations.py::test_form_validator returned <class 'bool'>.
  Did you mean to use `assert` instead of `return`?
  See https://docs.pytest.org/en/stable/how-to/assert.html#return-not-none for more information.
    warnings.warn(

legacy_root/scripts/test/test_security_validations.py::test_security_manager
  D:\martin\Rexus.app\.venv\lib\site-packages\_pytest\python.py:161: PytestReturnNotNoneWarning: Test functions should return None, but legacy_root/scripts/test/test_security_validations.py::test_security_manager returned <class 'bool'>.
  Did you mean to use `assert` instead of `return`?
  See https://docs.pytest.org/en/stable/how-to/assert.html#return-not-none for more information.
    warnings.warn(

legacy_root/scripts/test/test_security_validations.py::test_sql_loader
  D:\martin\Rexus.app\.venv\lib\site-packages\_pytest\python.py:161: PytestReturnNotNoneWarning: Test functions should return None, but legacy_root/scripts/test/test_security_validations.py::test_sql_loader returned <class 'bool'>.
  Did you mean to use `assert` instead of `return`?
  See https://docs.pytest.org/en/stable/how-to/assert.html#return-not-none for more information.
    warnings.warn(

legacy_root/scripts/test/test_security_validations.py::test_html_sanitization
  D:\martin\Rexus.app\.venv\lib\site-packages\_pytest\python.py:161: PytestReturnNotNoneWarning: Test functions should return None, but legacy_root/scripts/test/test_security_validations.py::test_html_sanitization returned <class 'bool'>.
  Did you mean to use `assert` instead of `return`?
  See https://docs.pytest.org/en/stable/how-to/assert.html#return-not-none for more information.
    warnings.warn(

-- Docs: https://docs.pytest.org/en/stable/how-to/capture-warnings.html
40 passed, 40 warnings in 1.00s
